ABBBBBBBBBBBBBBBBBBBBBBBBBBBBBBBBBBBBBBBBBBBBBBBBBBBBBBBBBBBBBBBBBBBBBBBBBBBBBBBBBBBBBBBBBBBBBBBBBBBBBBBBBBBBBBBBBBBBBBBBBC
B                                                                                                                         B
B                                                                                                                         B
B                                                                                                                         B
B                                                                                                                         B
B                                                                                                                         B
B                                                                                                                         B
B                                                                                                                         B
B                                                                                                                         B
B                                                                                                                         B
B                                                                                                                         B
B                                                                                                                         B
B                                                                                                                         B
B                                                                                                                         B
B                                                                                                                         B
B                                                                                                                         B
B                                                                                                                         B
B                                                                                                                         B
B                                                                                                                         B
B                                                                                                                         B
B                                                                                                                         B
B                                                                                                                         B
B                                                                                                                         B
B                                                                                                                         B
B                                                                                                                         B
B                                                                                                                         B
B                                                                                                                         B
B                                                                                                                         B
B                                                                                                                         B
B                                                                                                                         B
B                                                                                                                         B
B                                                                                                                         B
B                                                                                                                         B
B                                                                                                                         B
B                                                                                                                         B
B                                                                                                                         B
B                                                                                                                         B
B                                                                                                                         B
B                                                                                                                         B
B                                                                                                                         B
B                                                                                                                         B
CBBBBBBBBBBBBBBBBBBBBBBBBBBBBBBBBBBBBBBBBBBBBBBBBBBBBBBBBBBBBBBBBBBBBBBBBBBBBBBBBBBBBBBBBBBBBBBBBBBBBBBBBBBBBBBBBBBBBBBBBBA
