ABBBBBBBBBBBBBBBBBBBBBBBBBBBBBBBBBBBBBBBBBBBBBBBBBBBBBBBBBBBBBBBBBBBBBBBBBBBBBBBBBBBBBBBBBBBBBBBBBBBBBBBBBBBBBBBBBBBBBBBBBA
B                                                                                                                         B
B                                                                                                                         B
B                                                                                                                         B
B                                                                                                                         B
B                                                                                                                         B
B                                                                                                                         B
B                                                                                                                         B
B                                                                                                                         B
B                                                                                                                         B
B                                                                                                                         B
B                                                                                                                         B
B                                                                                                                         B
B                                                                                                                         B
B                                                                                                                         B
B                                                                                                                         B
B                                                                                                                         B
B                                                                                                                         B
B                                                                                                                         B
B                                                                                                                         B
B                                                                                                                         B
B                                                                                                                         B
B                                                                                                                         B
B                                                                                                                         B
B                                                                                                                         B
B                                                                                                                         B
B                                                                                                                         B
B                                                                                                                         B
B                                                                                                                         B
B                                                                                                                         B
B                                                                                                                         B
B                                                                                                                         B
B                                                                                                                         B
B                                                                                                                         B
B                                                                                                                         B
B                                                                                                                         B
B                                                                                                                         B
B                                                                                                                         B
B                                                                                                                         B
B                                                                                                                         B
B                                                                                                                         B
CBBBBBBBBBBBBBBBBBBBBBBBBBBBBBBBBBBBBBBBBBBBBBBBBBBBBBBBBBBBBBBBBBBBBBBBBBBBBBBBBBBBBBBBBBBBBBBBBBBBBBBBBBBBBBBBBBBBBBBBBBC
